go: downloading go1.26.3 (linux/amd64)
go: downloading github.com/go-i2p/common v0.1.55
go: downloading github.com/go-i2p/go-i2p v0.1.56-0.20260602134808-cdc3c543349d
go: downloading github.com/opd-ai/toxcore v1.4.0-qtox-preview.0.20260604154825-db09405a48ba
go: downloading github.com/go-i2p/crypto v0.1.55
go: downloading github.com/go-i2p/logger v0.1.55
go: downloading github.com/samber/oops v1.21.0
go: downloading github.com/sirupsen/logrus v1.9.4
go: downloading github.com/cloudflare/circl v1.6.3
go: downloading golang.org/x/crypto v0.52.0
go: downloading github.com/flynn/noise v1.1.0
go: downloading github.com/go-i2p/onramp v0.33.92
go: downloading golang.org/x/net v0.55.0
go: downloading golang.org/x/sync v0.20.0
go: downloading golang.org/x/sys v0.45.0
go: downloading github.com/go-i2p/go-noise v0.1.56-0.20260601234720-e972a89ebced
go: downloading github.com/go-i2p/noise v1.1.1-0.20260327201800-8e41bb3d9f1e
go: downloading go.step.sm/crypto v0.81.0
go: downloading filippo.io/edwards25519 v1.2.0
go: downloading github.com/klauspost/reedsolomon v1.13.3
go: downloading github.com/oklog/ulid/v2 v2.1.1
go: downloading github.com/samber/lo v1.53.0
go: downloading go.opentelemetry.io/otel/trace v1.43.0
go: downloading go.opentelemetry.io/otel v1.43.0
go: downloading github.com/go-i2p/elgamal v0.1.55
go: downloading github.com/cretz/bine v0.2.0
go: downloading github.com/go-i2p/i2pkeys v0.33.92
go: downloading github.com/opd-ai/magnum v0.0.0-20260324142352-b5664a8a5c6a
go: downloading github.com/go-i2p/sam3 v0.33.92
go: downloading github.com/pion/rtp v1.8.22
go: downloading github.com/opd-ai/vp8 v0.0.0-20260407023446-a01cf06c95d4
go: downloading golang.org/x/image v0.38.0
go: downloading github.com/klauspost/cpuid/v2 v2.3.0
go: downloading golang.org/x/text v0.37.0
go: downloading github.com/spf13/viper v1.21.0
go: downloading github.com/pion/randutil v0.1.0
go: downloading github.com/fsnotify/fsnotify v1.10.1
go: downloading github.com/go-viper/mapstructure/v2 v2.5.0
go: downloading github.com/sagikazarmark/locafero v0.12.0
go: downloading github.com/spf13/afero v1.15.0
go: downloading github.com/spf13/cast v1.10.0
go: downloading github.com/spf13/pflag v1.0.10
go: downloading github.com/pelletier/go-toml/v2 v2.3.1
go: downloading go.yaml.in/yaml/v3 v3.0.4
go: downloading github.com/cespare/xxhash/v2 v2.3.0
ok  	github.com/opd-ai/itox	1.525s
